// Jest Snapshot v1, https://goo.gl/fbAQLP

exports[`UserList should show users 1`] = `
<View
  style={
    Object {
      "flex": 1,
      "paddingTop": 10,
    }
  }
>
  <RCTScrollView
    ItemSeparatorComponent={[Function]}
    data={
      Array [
        Object {
          "avatar": "https://s3.amazonaws.com/uifaces/faces/tw4ditter/follettkyle/128.jpg",
          "email": "michael.lawson@reqres.in",
          "firstName": "Michael",
          "id": 0,
          "lastName": "Lawson",
        },
      ]
    }
    disableVirtualization={false}
    getItem={[Function]}
    getItemCount={[Function]}
    horizontal={false}
    initialNumToRender={10}
    keyExtractor={[Function]}
    maxToRenderPerBatch={10}
    numColumns={1}
    onContentSizeChange={[Function]}
    onEndReached={[Function]}
    onEndReachedThreshold={0.0001}
    onLayout={[Function]}
    onMomentumScrollEnd={[Function]}
    onScroll={[Function]}
    onScrollBeginDrag={[Function]}
    onScrollEndDrag={[Function]}
    removeClippedSubviews={false}
    renderItem={[Function]}
    scrollEventThrottle={50}
    stickyHeaderIndices={Array []}
    updateCellsBatchingPeriod={50}
    viewabilityConfigCallbackPairs={Array []}
    windowSize={21}
  >
    <View>
      <View
        onLayout={[Function]}
        style={null}
      >
        <View
          style={
            Object {
              "alignItems": "center",
              "flex": 1,
              "flexDirection": "row",
              "marginBottom": 10,
              "marginTop": 10,
            }
          }
        >
          <Image
            onError={[Function]}
            source={
              Object {
                "uri": "https://s3.amazonaws.com/uifaces/faces/tw4ditter/follettkyle/128.jpg",
              }
            }
            style={
              Object {
                "backgroundColor": "white",
                "borderRadius": 40,
                "height": 80,
                "marginRight": 20,
                "width": 80,
              }
            }
          />
          <Text
            style={
              Object {
                "fontFamily": "Cochin",
                "fontSize": 20,
              }
            }
          >
            Michael Lawson
          </Text>
        </View>
      </View>
    </View>
  </RCTScrollView>
</View>
------------HTML PREVIEW---------------
<View style="flex:1;padding-top:10px;">
  <RCTScrollView>
    <View>
      <View>
        <View style="align-items:center;flex:1;flex-direction:row;margin-bottom:10px;margin-top:10px;">
          <Image style="background-color:white;border-radius:40px;height:80px;margin-right:20px;width:80px;"></Image>
          <Text style="font-family:Cochin;font-size:20px;">
            Michael Lawson
          </Text>
        </View>
      </View>
    </View>
  </RCTScrollView>
</View>
`;
